22:19:30.444 INFO Process ID: 10068
22:19:30.444 INFO SoT uWorld Address: 0x2922c533000
22:19:30.445 INFO SoT gName Address: 0x2887ff3faf0
22:19:30.445 INFO SoT gObject Address: 0x7ff6b3a5d798
22:19:30.445 INFO Dumping...
22:19:30.445 INFO Running dumper at path C:\Hax\Sea of thieves Dev\Inspector\SoT-Inspector\dump\Dumper.exe with argvs []
22:19:36.214 INFO Dumper ran and exited with exit code 0
22:19:36.214 INFO Dumped Successfully!
22:19:36.214 INFO Dumped in 5.769 seconds
22:19:36.214 INFO Loading dump
22:19:37.518 INFO Loaded dump in 1.3041 seconds
22:19:37.518 INFO Idle Disconnect Address: 0x2906885ca59
22:19:37.528 INFO Idle Disconnect Enabled: False
22:19:37.562 INFO SoTMemoryReader object created with an elapsed time of 9.1883 seconds
22:19:37.562 INFO Creating pyglet
22:19:37.562 INFO Creating pyglet window
22:19:37.562 INFO Creating tkinter
22:19:37.707 INFO Actors loaded into Viewbox with an elapsed time of 0.0364
22:19:37.707 INFO Total elapsed time 9.3333
22:19:37.981 INFO Created pyglet window
22:19:38.049 INFO Starting pyglet loop
