21:47:59.869 INFO Process ID: 10068
21:47:59.869 INFO SoT uWorld Address: 0x2922c533000
21:47:59.869 INFO SoT gName Address: 0x2887ff3faf0
21:47:59.869 INFO SoT gObject Address: 0x7ff6b3a5d798
21:47:59.869 INFO Dumping...
21:47:59.869 INFO Running dumper at path C:\Hax\Sea of thieves Dev\Inspector\SoT-Inspector\dump\Dumper.exe with argvs []
21:48:05.625 INFO Dumper ran and exited with exit code 0
21:48:05.625 INFO Dumped Successfully!
21:48:05.625 INFO Dumped in 5.7562 seconds
21:48:05.625 INFO Loading dump
21:48:07.034 INFO Loaded dump in 1.4086 seconds
21:48:07.043 INFO Idle Disconnect Address: 0x2906885ca59
21:48:07.043 INFO Idle Disconnect Enabled: False
21:48:07.082 INFO SoTMemoryReader object created with an elapsed time of 9.2758 seconds
21:48:07.082 INFO Creating pyglet
21:48:07.082 INFO Creating pyglet window
21:48:07.083 INFO Creating tkinter
21:48:07.225 INFO Actors loaded into Viewbox with an elapsed time of 0.0514
21:48:07.225 INFO Total elapsed time 9.4191
21:48:07.942 INFO Created pyglet window
21:48:08.247 INFO Starting pyglet loop
