23:23:28.174 INFO Process ID: 10068
23:23:28.175 INFO SoT uWorld Address: 0x2950b9c7000
23:23:28.175 INFO SoT gName Address: 0x2887ff3faf0
23:23:28.175 INFO SoT gObject Address: 0x7ff6b3a5d798
23:23:28.176 INFO Dumping...
23:23:28.176 INFO Running dumper at path C:\Hax\Sea of thieves Dev\Inspector\SoT-Inspector\dump\Dumper.exe with argvs []
23:23:34.475 INFO Dumper ran and exited with exit code 0
23:23:34.475 INFO Dumped Successfully!
23:23:34.476 INFO Dumped in 6.2996 seconds
23:23:34.477 INFO Loading dump
23:23:35.771 INFO Loaded dump in 1.2946 seconds
23:23:35.772 INFO Idle Disconnect Address: 0x2882ee37da9
23:23:35.772 INFO Idle Disconnect Enabled: True
23:23:35.809 INFO SoTMemoryReader object created with an elapsed time of 11.2603 seconds
23:23:35.809 INFO Creating pyglet
23:23:35.809 INFO Creating pyglet window
23:23:35.809 INFO Creating tkinter
23:23:35.999 INFO Actors loaded into Viewbox with an elapsed time of 0.069
23:23:35.999 INFO Total elapsed time 11.4518
23:23:36.364 INFO Created pyglet window
23:23:36.467 INFO Starting pyglet loop
