23:29:05.106 INFO Process ID: 10068
23:29:05.108 INFO SoT uWorld Address: 0x2950b9c7000
23:29:05.108 INFO SoT gName Address: 0x2887ff3faf0
23:29:05.108 INFO SoT gObject Address: 0x7ff6b3a5d798
23:29:05.108 INFO Dumping...
23:29:05.108 INFO Running dumper at path C:\Hax\Sea of thieves Dev\Inspector\SoT-Inspector\dump\Dumper.exe with argvs []
23:29:11.093 INFO Dumper ran and exited with exit code 0
23:29:11.094 INFO Dumped Successfully!
23:29:11.094 INFO Dumped in 5.9867 seconds
23:29:11.094 INFO Loading dump
23:29:12.442 INFO Loaded dump in 1.3472 seconds
23:29:12.442 INFO Idle Disconnect Address: 0x2882ee37da9
23:29:12.442 INFO Idle Disconnect Enabled: True
23:29:12.482 INFO SoTMemoryReader object created with an elapsed time of 10.2987 seconds
23:29:12.482 INFO Creating pyglet
23:29:12.483 INFO Creating pyglet window
23:29:12.484 INFO Creating tkinter
23:29:12.645 INFO Actors loaded into Viewbox with an elapsed time of 0.0541
23:29:12.646 INFO Total elapsed time 10.4626
23:29:13.005 INFO Created pyglet window
23:29:13.091 INFO Starting pyglet loop
23:30:04.560 INFO [{'Name': 'ViewportClient', 'TypeName': 'UGameViewportClient', 'Size': 8, 'Offset': 96, 'IsPointer': True, 'IsEnum': False, 'IsUnknownData': False, 'IsSimpleType': False, 'IsArray': False, 'IsArrayOfPtr': False, 'TArrayData': 0, 'TArrayLength': 0, 'TArrayMax': 0, 'IsMap': False, 'MapKeyType': '', 'MapKeyIsPointer': False, 'MapValueType': '', 'MapValueIsPointer': False, 'IsBitSize': False, 'BitNumber': 0, 'IsStruct': True}, 2784197274368, 2784186802144]
