22:15:56.283 INFO Process ID: 10068
22:15:56.284 INFO SoT uWorld Address: 0x2922c533000
22:15:56.284 INFO SoT gName Address: 0x2887ff3faf0
22:15:56.284 INFO SoT gObject Address: 0x7ff6b3a5d798
22:15:56.284 INFO Dumping...
22:15:56.284 INFO Running dumper at path C:\Hax\Sea of thieves Dev\Inspector\SoT-Inspector\dump\Dumper.exe with argvs []
22:16:02.102 INFO Dumper ran and exited with exit code 0
22:16:02.102 INFO Dumped Successfully!
22:16:02.102 INFO Dumped in 5.8174 seconds
22:16:02.102 INFO Loading dump
22:16:03.344 INFO Loaded dump in 1.2424 seconds
22:16:03.344 INFO Idle Disconnect Address: 0x2906885ca59
22:16:03.353 INFO Idle Disconnect Enabled: False
22:16:03.390 INFO SoTMemoryReader object created with an elapsed time of 9.1351 seconds
22:16:03.390 INFO Creating pyglet
22:16:03.390 INFO Creating pyglet window
22:16:03.390 INFO Creating tkinter
22:16:03.535 INFO Actors loaded into Viewbox with an elapsed time of 0.0601
22:16:03.536 INFO Total elapsed time 9.2808
22:16:03.787 INFO Created pyglet window
22:16:03.846 INFO Starting pyglet loop
