23:25:47.626 INFO Process ID: 10068
23:25:47.626 INFO SoT uWorld Address: 0x2950b9c7000
23:25:47.626 INFO SoT gName Address: 0x2887ff3faf0
23:25:47.626 INFO SoT gObject Address: 0x7ff6b3a5d798
23:25:47.626 INFO Dumping...
23:25:47.626 INFO Running dumper at path C:\Hax\Sea of thieves Dev\Inspector\SoT-Inspector\dump\Dumper.exe with argvs []
23:25:53.525 INFO Dumper ran and exited with exit code 0
23:25:53.525 INFO Dumped Successfully!
23:25:53.525 INFO Dumped in 5.8986 seconds
23:25:53.525 INFO Loading dump
23:25:54.909 INFO Loaded dump in 1.3837 seconds
23:25:54.909 INFO Idle Disconnect Address: 0x2882ee37da9
23:25:54.918 INFO Idle Disconnect Enabled: True
23:25:54.955 INFO SoTMemoryReader object created with an elapsed time of 10.7029 seconds
23:25:54.955 INFO Creating pyglet
23:25:54.955 INFO Creating pyglet window
23:25:54.955 INFO Creating tkinter
23:25:55.121 INFO Actors loaded into Viewbox with an elapsed time of 0.0548
23:25:55.121 INFO Total elapsed time 10.8695
23:25:55.404 INFO Created pyglet window
23:25:55.471 INFO Starting pyglet loop
