23:27:50.327 INFO Process ID: 10068
23:27:50.328 INFO SoT uWorld Address: 0x2950b9c7000
23:27:50.328 INFO SoT gName Address: 0x2887ff3faf0
23:27:50.328 INFO SoT gObject Address: 0x7ff6b3a5d798
23:27:50.328 INFO Dumping...
23:27:50.328 INFO Running dumper at path C:\Hax\Sea of thieves Dev\Inspector\SoT-Inspector\dump\Dumper.exe with argvs []
23:27:56.254 INFO Dumper ran and exited with exit code 0
23:27:56.255 INFO Dumped Successfully!
23:27:56.255 INFO Dumped in 5.9268 seconds
23:27:56.255 INFO Loading dump
23:27:57.582 INFO Loaded dump in 1.3271 seconds
23:27:57.583 INFO Idle Disconnect Address: 0x2882ee37da9
23:27:57.591 INFO Idle Disconnect Enabled: True
23:27:57.632 INFO SoTMemoryReader object created with an elapsed time of 10.3324 seconds
23:27:57.632 INFO Creating pyglet
23:27:57.632 INFO Creating pyglet window
23:27:57.632 INFO Creating tkinter
23:27:57.787 INFO Actors loaded into Viewbox with an elapsed time of 0.0517
23:27:57.787 INFO Total elapsed time 10.4875
23:27:58.071 INFO Created pyglet window
23:27:58.147 INFO Starting pyglet loop
