22:11:18.014 INFO Process ID: 10068
22:11:18.014 INFO SoT uWorld Address: 0x2922c533000
22:11:18.014 INFO SoT gName Address: 0x2887ff3faf0
22:11:18.014 INFO SoT gObject Address: 0x7ff6b3a5d798
22:11:18.014 INFO Dumping...
22:11:18.014 INFO Running dumper at path C:\Hax\Sea of thieves Dev\Inspector\SoT-Inspector\dump\Dumper.exe with argvs []
22:11:23.775 INFO Dumper ran and exited with exit code 0
22:11:23.775 INFO Dumped Successfully!
22:11:23.775 INFO Dumped in 5.7614 seconds
22:11:23.775 INFO Loading dump
22:11:25.142 INFO Loaded dump in 1.367 seconds
22:11:25.142 INFO Idle Disconnect Address: 0x2906885ca59
22:11:25.151 INFO Idle Disconnect Enabled: False
22:11:25.183 INFO SoTMemoryReader object created with an elapsed time of 9.4437 seconds
22:11:25.183 INFO Creating pyglet
22:11:25.183 INFO Creating pyglet window
22:11:25.184 INFO Creating tkinter
22:11:25.329 INFO Actors loaded into Viewbox with an elapsed time of 0.0669
22:11:25.329 INFO Total elapsed time 9.5902
22:11:25.608 INFO Created pyglet window
22:11:25.676 INFO Starting pyglet loop
